// Jest Snapshot v1, https://goo.gl/fbAQLP

exports[`Orders should match the snapshot 1`] = `
<section
  key="1573065363312"
>
  <div
    className="order"
    key="1573065363311"
  >
    <h3>
      Juju
    </h3>
    <ul
      className="ingredient-list"
      key="1573065363312"
    >
      <li
        key="1573065363312"
      >
        QUESOOoOoOo
      </li>
    </ul>
  </div>
</section>
`;
